{
    "type": "user",
    "id": "1",
    "attributes": {
        "name": "John"
    },
    "relationships": {
        "posts": [
            {
                "type": "post",
                "id": "1",
                "attributes": {
                    "name": "John"
                }
            }
        ]
    }
}